WARNING: A restricted method in java.lang.System has been called
WARNING: java.lang.System::load has been called by net.rubygrapefruit.platform.internal.NativeLibraryLoader in an unnamed module (file:/Users/maymessaoud/.gradle/wrapper/dists/gradle-8.4-bin/1w5dpkrfk8irigvoxmyhowfim/gradle-8.4/lib/native-platform-0.22-milestone-25.jar)
WARNING: Use --enable-native-access=ALL-UNNAMED to avoid a warning for callers in this module
WARNING: Restricted methods will be blocked in a future release unless native access is enabled

> Task :app:checkKotlinGradlePluginConfigurationErrors
> Task :app:preBuild UP-TO-DATE
> Task :app:preDebugBuild UP-TO-DATE
> Task :app:generateDebugBuildConfig UP-TO-DATE
> Task :app:checkDebugAarMetadata UP-TO-DATE
> Task :app:generateDebugResValues UP-TO-DATE
> Task :app:mapDebugSourceSetPaths UP-TO-DATE
> Task :app:generateDebugResources UP-TO-DATE
> Task :app:mergeDebugResources UP-TO-DATE
> Task :app:packageDebugResources UP-TO-DATE
> Task :app:parseDebugLocalResources UP-TO-DATE
> Task :app:createDebugCompatibleScreenManifests UP-TO-DATE
> Task :app:extractDeepLinksDebug UP-TO-DATE
> Task :app:processDebugMainManifest UP-TO-DATE
> Task :app:processDebugManifest UP-TO-DATE
> Task :app:processDebugManifestForPackage UP-TO-DATE
> Task :app:processDebugResources UP-TO-DATE
> Task :app:kaptGenerateStubsDebugKotlin UP-TO-DATE
> Task :app:kaptDebugKotlin UP-TO-DATE

> Task :app:compileDebugKotlin FAILED
e: file:///Users/maymessaoud/Desktop/DAMAndroid/app/src/main/java/com/example/esprit/ui/admin/AdminHomeScreen.kt:141:17 The API of this layout is experimental and is likely to change in the future.
e: file:///Users/maymessaoud/Desktop/DAMAndroid/app/src/main/java/com/example/esprit/ui/parent/ParentHomeScreen.kt:90:17 The API of this layout is experimental and is likely to change in the future.
e: file:///Users/maymessaoud/Desktop/DAMAndroid/app/src/main/java/com/example/esprit/ui/student/StudentHomeScreen.kt:178:17 The API of this layout is experimental and is likely to change in the future.
e: file:///Users/maymessaoud/Desktop/DAMAndroid/app/src/main/java/com/example/esprit/ui/teacher/TeacherHomeScreen.kt:91:17 The API of this layout is experimental and is likely to change in the future.

FAILURE: Build failed with an exception.

* What went wrong:
Execution failed for task ':app:compileDebugKotlin'.
> A failure occurred while executing org.jetbrains.kotlin.compilerRunner.GradleCompilerRunnerWithWorkers$GradleKotlinCompilerWorkAction
   > Compilation error. See log for more details

* Try:
> Run with --stacktrace option to get the stack trace.
> Run with --info or --debug option to get more log output.
> Run with --scan to get full insights.
> Get more help at https://help.gradle.org.

BUILD FAILED in 6s
17 actionable tasks: 2 executed, 15 up-to-date
